. 2026-10-07 12:09:14.134 --------------------------------------------------------------------------
. 2026-10-07 12:09:14.134 WinSCP Version 6.5.7 (Build 16562 2026-09-09) (OS 10.0.19045 – Windows 10 Pro)
. 2026-10-07 12:09:14.134 Configuration: nul
. 2026-10-07 12:09:14.134 Log level: Normal
. 2026-10-07 12:09:14.134 Local account: DTS\alexk
. 2026-10-07 12:09:14.134 Working directory: C:\Users\alexk\Desktop\Automation\BitBuketProject\beyahad-web-client
. 2026-10-07 12:09:14.134 Process ID: 15664
. 2026-10-07 12:09:14.192 Ancestor processes: WinSCP, timeout, timeout, ...
. 2026-10-07 12:09:14.193 Command-line: "C:\Users\alexk\Desktop\Automation\BitBuketProject\beyahad-web-client\.winscp-portable\WinSCP.exe" /console=6.5.7 /consoleinstance=_17304_429 "/log=C:\Users\alexk\Desktop\Automation\BitBuketProject\beyahad-web-client\.winscp_upload.log" "/ini=nul" "/script=C:\Users\alexk\AppData\Local\Temp\tmp.sKOkJfbFhs" 
. 2026-10-07 12:09:14.193 Time zone: Current: GMT+3, Standard: GMT+2 (Jerusalem Standard Time), DST: GMT+3 (Jerusalem Daylight Time), DST Start: 27/03/2026, DST End: 25/10/2026
. 2026-10-07 12:09:14.194 Login time: יום רביעי 07 אוקטובר 2026 12:09:14
. 2026-10-07 12:09:14.194 --------------------------------------------------------------------------
. 2026-10-07 12:09:14.194 Script: Retrospectively logging previous script records:
> 2026-10-07 12:09:14.194 Script: option batch abort
< 2026-10-07 12:09:14.194 Script: batch           abort     
> 2026-10-07 12:09:14.194 Script: option confirm off
< 2026-10-07 12:09:14.194 Script: confirm         off       
> 2026-10-07 12:09:14.194 Script: option transfer binary
< 2026-10-07 12:09:14.194 Script: transfer        binary    
> 2026-10-07 12:09:14.194 Script: open sftp://bitbucketpp:***@sftp.dts.co.il:22/ -hostkey=*
. 2026-10-07 12:09:14.194 --------------------------------------------------------------------------
. 2026-10-07 12:09:14.194 Session name: bitbucketpp@sftp.dts.co.il (Ad-Hoc site)
. 2026-10-07 12:09:14.194 Host name: sftp.dts.co.il (Port: 22)
. 2026-10-07 12:09:14.195 User name: bitbucketpp (Password: Yes, Key file: No, Passphrase: No)
. 2026-10-07 12:09:14.195 Tunnel: No
. 2026-10-07 12:09:14.195 Transfer Protocol: SFTP
. 2026-10-07 12:09:14.195 Ping type: Off, Ping interval: 30 sec; Timeout: 15 sec
. 2026-10-07 12:09:14.195 Disable Nagle: No
. 2026-10-07 12:09:14.195 Proxy: None
. 2026-10-07 12:09:14.195 Send buffer: 262144
. 2026-10-07 12:09:14.195 Compression: No
. 2026-10-07 12:09:14.195 Bypass authentication: No
. 2026-10-07 12:09:14.195 Try agent: Yes; Agent forwarding: No; KI: Yes; GSSAPI: Yes
. 2026-10-07 12:09:14.195 GSSAPI: KEX: No; Forwarding: No; Libs: gssapi32,sspi,custom; Custom: 
. 2026-10-07 12:09:14.195 Ciphers: aes,chacha20,aesgcm,3des,WARN,des,blowfish,arcfour; Ssh2DES: No
. 2026-10-07 12:09:14.195 KEX: ntru-curve25519,mlkem-curve25519,mlkem-nist,ecdh,dh-gex-sha1,dh-group18-sha512,dh-group17-sha512,dh-group16-sha512,dh-group15-sha512,dh-group14-sha1,rsa,WARN,dh-group1-sha1
. 2026-10-07 12:09:14.195 SSH Bugs: Auto,Auto,Auto,Auto,Auto,Auto,Auto,Auto,Auto,Auto
. 2026-10-07 12:09:14.195 Simple channel: Yes
. 2026-10-07 12:09:14.195 Return code variable: Autodetect; Lookup user groups: Auto
. 2026-10-07 12:09:14.195 Shell: default
. 2026-10-07 12:09:14.195 EOL: LF, UTF: Auto
. 2026-10-07 12:09:14.195 Clear aliases: Yes, Unset nat.vars: Yes, Resolve symlinks: Yes; Follow directory symlinks: No
. 2026-10-07 12:09:14.195 LS: ls -la, Ign LS warn: Yes, Scp1 Comp: No; Exit code 1 is error: No
. 2026-10-07 12:09:14.196 SFTP Bugs: Auto,Auto
. 2026-10-07 12:09:14.196 SFTP Server: default
. 2026-10-07 12:09:14.196 Local directory: default, Remote directory: home, Update: Yes, Cache: Yes
. 2026-10-07 12:09:14.196 Cache directory changes: Yes, Permanent: Yes
. 2026-10-07 12:09:14.196 Recycle bin: Delete to: No, Overwritten to: No, Bin path: 
. 2026-10-07 12:09:14.196 DST mode: Unix
. 2026-10-07 12:09:14.196 --------------------------------------------------------------------------
< 2026-10-07 12:09:14.196 Script: Searching for host...
. 2026-10-07 12:09:14.199 Looking up host "sftp.dts.co.il" for SSH connection
. 2026-10-07 12:09:14.222 Connecting to 172.29.35.10 port 22
. 2026-10-07 12:09:14.225 Connected to 172.29.35.10 (from 172.17.200.160:53509)
< 2026-10-07 12:09:14.225 Script: Connecting to host...
. 2026-10-07 12:09:14.225 We claim version: SSH-2.0-WinSCP_release_6.5.7
. 2026-10-07 12:09:14.225 Connected to 172.29.35.10 (from 172.17.200.160:53509)
. 2026-10-07 12:09:14.251 Remote version: SSH-2.0-OpenSSH_9.6p1 Ubuntu-3ubuntu13.19
. 2026-10-07 12:09:14.251 Using SSH protocol version 2
. 2026-10-07 12:09:14.251 Enabling strict key exchange semantics
. 2026-10-07 12:09:14.251 Doing NTRU Prime / Curve25519 hybrid key exchange, using hash SHA-512 (unaccelerated)
. 2026-10-07 12:09:14.427 Server also has ecdsa-sha2-nistp256/rsa-sha2-512/rsa-sha2-256 host keys, but we don't know any of them
. 2026-10-07 12:09:14.427 Host key fingerprint is:
. 2026-10-07 12:09:14.427 ssh-ed25519 255 SHA256:jAm6rCMCEYval5xAXTU7vfytO5BCTjDwpX/QQjELPdQ
< 2026-10-07 12:09:14.427 Script: Authenticating...
< 2026-10-07 12:09:14.427 Script: WARNING! Giving up security and accepting any host key as configured!
* 2026-10-07 12:09:14.427 WARNING! Giving up security and accepting any host key as configured!
. 2026-10-07 12:09:14.427 Initialised AES-256 SDCTR (AES-NI accelerated) [aes256-ctr] outbound encryption
. 2026-10-07 12:09:14.427 Initialised HMAC-SHA-256 outbound MAC algorithm
. 2026-10-07 12:09:14.427 Initialised AES-256 SDCTR (AES-NI accelerated) [aes256-ctr] inbound encryption
. 2026-10-07 12:09:14.427 Initialised HMAC-SHA-256 inbound MAC algorithm
! 2026-10-07 12:09:14.427 Using username "bitbucketpp".
< 2026-10-07 12:09:14.427 Script: Using username "bitbucketpp".
. 2026-10-07 12:09:14.448 Server offered these authentication methods: publickey,password
. 2026-10-07 12:09:14.448 Prompt (password, "SSH password", <no instructions>, "&Password: ")
. 2026-10-07 12:09:14.448 Using stored password.
< 2026-10-07 12:09:14.448 Script: Authenticating with pre-entered password.
. 2026-10-07 12:09:14.448 Sent password
. 2026-10-07 12:09:14.469 Access granted
. 2026-10-07 12:09:14.469 Opening main session channel
. 2026-10-07 12:09:14.692 Opened main channel
. 2026-10-07 12:09:14.696 Started a shell/command
< 2026-10-07 12:09:14.696 Script: Authenticated.
. 2026-10-07 12:09:14.696 --------------------------------------------------------------------------
. 2026-10-07 12:09:14.696 Using SFTP protocol.
. 2026-10-07 12:09:14.696 Doing startup conversation with host.
< 2026-10-07 12:09:14.696 Script: Starting the session...
. 2026-10-07 12:09:14.696 Well known server, allowing SFTP version 6.
> 2026-10-07 12:09:14.696 Type: SSH_FXP_INIT, Size: 5, Number: -1
< 2026-10-07 12:09:14.696 Type: SSH_FXP_VERSION, Size: 318, Number: -1
. 2026-10-07 12:09:14.696 SFTP version 3 negotiated.
. 2026-10-07 12:09:14.696 Supports extension posix-rename@openssh.com="1"
. 2026-10-07 12:09:14.696 Supports statvfs@openssh.com extension version 2
. 2026-10-07 12:09:14.696 Unknown server extension fstatvfs@openssh.com="2"
. 2026-10-07 12:09:14.696 Supports hardlink@openssh.com extension version 1
. 2026-10-07 12:09:14.696 Unknown server extension fsync@openssh.com="1"
. 2026-10-07 12:09:14.696 Unknown server extension lsetstat@openssh.com="1"
. 2026-10-07 12:09:14.696 Supports limits@openssh.com extension version 1
. 2026-10-07 12:09:14.696 Unknown server extension expand-path@openssh.com="1"
. 2026-10-07 12:09:14.696 Supports extension copy-data="1"
. 2026-10-07 12:09:14.696 Unknown server extension home-directory="1"
. 2026-10-07 12:09:14.696 Unknown server extension users-groups-by-id@openssh.com="1"
. 2026-10-07 12:09:14.696 We believe the server has signed timestamps bug
. 2026-10-07 12:09:14.696 We will use UTF-8 strings until server sends an invalid UTF-8 string as with SFTP version 3 and older UTF-8 strings are not mandatory
> 2026-10-07 12:09:14.696 Type: SSH_FXP_EXTENDED, Size: 27, Number: 200
< 2026-10-07 12:09:14.696 Type: SSH_FXP_EXTENDED_REPLY, Size: 37, Number: 200
. 2026-10-07 12:09:14.696 Limiting packet size to server's limit of 262144 + 4 bytes
. 2026-10-07 12:09:14.696 Getting current directory name.
. 2026-10-07 12:09:14.696 Getting real path for '.'
> 2026-10-07 12:09:14.696 Type: SSH_FXP_REALPATH, Size: 10, Number: 272
< 2026-10-07 12:09:14.696 Type: SSH_FXP_NAME, Size: 23, Number: 272
. 2026-10-07 12:09:14.696 Real path is '/'
. 2026-10-07 12:09:14.696 Startup conversation with host finished.
< 2026-10-07 12:09:14.696 Script: Session started.
< 2026-10-07 12:09:14.696 Script: Active session: [1] bitbucketpp@sftp.dts.co.il
> 2026-10-07 12:09:14.696 Script: lcd C:/Users/alexk/Desktop/Automation/BitBuketProject/beyahad-web-client/.deploy_output
< 2026-10-07 12:09:14.696 Script: C:\Users\alexk\Desktop\Automation\BitBuketProject\beyahad-web-client\.deploy_output
> 2026-10-07 12:09:14.696 Script: put beyahad-web-client_PP_publish.zip /pp/beyahad-web-client_PP_publish.zip
. 2026-10-07 12:09:14.707 Copying 1 files/directories to remote directory "/pp/" - total size: 25,746,234
. 2026-10-07 12:09:14.708   PrTime: Yes; PrRO: No; Rght: rw-r--r--; PrR: No (No); FnCs: N; RIC: 0001; Resume: S (102400); CalcS: No; Mask: beyahad-web-client_PP_publish.zip
. 2026-10-07 12:09:14.708   TM: B; ClAr: No; RemEOF: No; RemBOM: No; CPS: 0; NewerOnly: No; EncryptNewFiles: Yes; ExcludeHiddenFiles: No; ExcludeEmptyDirectories: No; InclM: ; ResumeL: 0
. 2026-10-07 12:09:14.708   AscM: *.*html; *.htm; *.txt; *.php; *.php3; *.cgi; *.c; *.cpp; *.h; *.pas; *.bas; *.tex; *.pl; *.js; .htaccess; *.xtml; *.css; *.cfg; *.ini; *.sh; *.xml
. 2026-10-07 12:09:14.708 File: 'beyahad-web-client_PP_publish.zip' [2026-10-07T09:09:06.230Z] [25746234]
. 2026-10-07 12:09:14.709 Copying "beyahad-web-client_PP_publish.zip" to remote directory started.
. 2026-10-07 12:09:14.709 Binary transfer mode selected.
. 2026-10-07 12:09:14.709 Checking existence of file.
> 2026-10-07 12:09:14.709 Type: SSH_FXP_LSTAT, Size: 46, Number: 519
< 2026-10-07 12:09:14.711 Type: SSH_FXP_STATUS, Size: 29, Number: 519
< 2026-10-07 12:09:14.711 Status code: 2
. 2026-10-07 12:09:14.711 Checking existence of partially transferred file.
> 2026-10-07 12:09:14.711 Type: SSH_FXP_LSTAT, Size: 55, Number: 775
< 2026-10-07 12:09:14.714 Type: SSH_FXP_STATUS, Size: 29, Number: 775
< 2026-10-07 12:09:14.714 Status code: 2
. 2026-10-07 12:09:14.714 Opening remote file.
> 2026-10-07 12:09:14.714 Type: SSH_FXP_OPEN, Size: 71, Number: 1027
< 2026-10-07 12:09:14.718 Type: SSH_FXP_HANDLE, Size: 13, Number: 1027
> 2026-10-07 12:09:14.718 Type: SSH_FXP_WRITE, Size: 32761, Number: 1542
. 2026-10-07 12:09:14.724 Skipped 16 SSH_FXP_WRITE packets
< 2026-10-07 12:09:14.724 Type: SSH_FXP_STATUS, Size: 24, Number: 1542
< 2026-10-07 12:09:14.724 Status code: 0
. 2026-10-07 12:09:15.221 Increasing send buffer from 262144 to 524288
. 2026-10-07 12:09:15.840 Skipped 770 SSH_FXP_WRITE and 762 SSH_FXP_STATUS packets
> 2026-10-07 12:09:15.840 Type: SSH_FXP_CLOSE, Size: 13, Number: 203012
. 2026-10-07 12:09:15.873 Skipped 24 SSH_FXP_STATUS packets
< 2026-10-07 12:09:15.873 Type: SSH_FXP_STATUS, Size: 24, Number: 203012
< 2026-10-07 12:09:15.873 Status code: 0
> 2026-10-07 12:09:15.873 Type: SSH_FXP_RENAME, Size: 96, Number: 203282
< 2026-10-07 12:09:15.885 Type: SSH_FXP_STATUS, Size: 24, Number: 203282
< 2026-10-07 12:09:15.885 Status code: 0
. 2026-10-07 12:09:15.885 Preserving timestamp [2026-10-07T09:09:06.000Z]
> 2026-10-07 12:09:15.885 Type: SSH_FXP_SETSTAT, Size: 58, Number: 1289
< 2026-10-07 12:09:15.888 Type: SSH_FXP_STATUS, Size: 24, Number: 1289
< 2026-10-07 12:09:15.888 Status code: 0
. 2026-10-07 12:09:15.888 Transfer done: 'beyahad-web-client_PP_publish.zip' => '/pp/beyahad-web-client_PP_publish.zip' [25746234]
. 2026-10-07 12:09:15.888 Copying finished: Transferred: 25,746,234, Elapsed: 0:00:01, CPS: 21,800,367/s
> 2026-10-07 12:09:15.888 Script: exit
. 2026-10-07 12:09:15.888 Script: Exit code: 0
. 2026-10-07 12:09:15.888 Closing connection.
. 2026-10-07 12:09:15.888 Sending special code: 1
. 2026-10-07 12:09:15.898 Session sent command exit status 0
. 2026-10-07 12:09:15.898 Main session channel closed
. 2026-10-07 12:09:15.898 All channels closed
